Case 1: 38
Case 2: 123
Case 3: 288
Case 4: 528
Case 5: 690
Case 6: 900049636
Case 7: 1225302944
Case 8: 1599913256
Case 9: 2025060053
Case 10: 2500161773
